INFO:     Started server process [70328]
INFO:     Waiting for application startup.
2026-04-17 16:09:38.048 | INFO     | app.main:lifespan:49 - Starting application lifespan
2026-04-17 16:09:38.061 | DEBUG    | app.database.database:connect:32 - Connected to postgres database.
2026-04-17 16:09:38.063 | INFO     | app.main:lifespan:53 - Database connected
2026-04-17 16:09:47.741 | DEBUG    | app.database.database:init:63 - Initialized postgres database and created tables: users, technicians, sites, tasks, incidents, access_requests, reports, notifications, routine_checks, routine_issues, routine_inspections, clients, incident_reports, incident_updates, maintenance_schedules, route_patrols, technician_sites, webhooks, system_settings, user_sessions
2026-04-17 16:09:47.745 | DEBUG    | app.main:lifespan:58 - Database init complete
INFO:     Application startup complete.
INFO:     Uvicorn running on http://127.0.0.1:8000 (Press CTRL+C to quit)
2026-04-17 16:12:12.916 | DEBUG    | app.core.debug_middleware:_log_request:147 - [DEBUG] {
  "type": "REQUEST",
  "method": "GET",
  "path": "/api/v1/technicians/me",
  "query_params": {},
  "client_ip": "127.0.0.1",
  "user_agent": "Mozilla/5.0 (Windows NT 10.0; Win64; x64) AppleWebKit/537.36 (KHTML, like Gecko) Chrome/147.0.0.0 Safari/537.36"
}
2026-04-17 16:12:12.944 | DEBUG    | app.core.debug_middleware:_log_request:147 - [DEBUG] {
  "type": "REQUEST",
  "method": "GET",
  "path": "/api/v1/technicians/",
  "query_params": {
    "offset": "0",
    "limit": "100"
  },
  "client_ip": "127.0.0.1",
  "user_agent": "Mozilla/5.0 (Windows NT 10.0; Win64; x64) AppleWebKit/537.36 (KHTML, like Gecko) Chrome/147.0.0.0 Safari/537.36"
}
2026-04-17 16:12:12.969 | DEBUG    | app.core.debug_middleware:_log_request:147 - [DEBUG] {
  "type": "REQUEST",
  "method": "GET",
  "path": "/api/v1/users/d165694c-9962-4a43-8f22-e84a8c8cc809",
  "query_params": {},
  "client_ip": "127.0.0.1",
  "user_agent": "Mozilla/5.0 (Windows NT 10.0; Win64; x64) AppleWebKit/537.36 (KHTML, like Gecko) Chrome/147.0.0.0 Safari/537.36"
}
2026-04-17 16:12:13.548 | DEBUG    | app.core.debug_middleware:_log_response:170 - [DEBUG] {"type": "RESPONSE", "method": "GET", "path": "/api/v1/users/d165694c-9962-4a43-8f22-e84a8c8cc809", "status_code": 200, "process_time_ms": "578.80"}
2026-04-17 16:12:13.855 | DEBUG    | app.core.debug_middleware:_log_response:170 - [DEBUG] {"type": "RESPONSE", "method": "GET", "path": "/api/v1/technicians/me", "status_code": 200, "process_time_ms": "938.69"}
2026-04-17 16:12:13.864 | DEBUG    | app.core.debug_middleware:_log_request:147 - [DEBUG] {
  "type": "REQUEST",
  "method": "GET",
  "path": "/api/v1/tasks/",
  "query_params": {
    "technician_id": "e9353bc3-1a27-4117-9ac2-494323fe1d7d",
    "offset": "0",
    "limit": "100"
  },
  "client_ip": "127.0.0.1",
  "user_agent": "Mozilla/5.0 (Windows NT 10.0; Win64; x64) AppleWebKit/537.36 (KHTML, like Gecko) Chrome/147.0.0.0 Safari/537.36"
}
2026-04-17 16:12:13.867 | DEBUG    | app.core.debug_middleware:_log_request:147 - [DEBUG] {
  "type": "REQUEST",
  "method": "GET",
  "path": "/api/v1/incidents/",
  "query_params": {
    "technician_id": "e9353bc3-1a27-4117-9ac2-494323fe1d7d",
    "offset": "0",
    "limit": "100"
  },
  "client_ip": "127.0.0.1",
  "user_agent": "Mozilla/5.0 (Windows NT 10.0; Win64; x64) AppleWebKit/537.36 (KHTML, like Gecko) Chrome/147.0.0.0 Safari/537.36"
}
2026-04-17 16:12:14.191 | DEBUG    | app.core.debug_middleware:_log_request:147 - [DEBUG] {
  "type": "REQUEST",
  "method": "GET",
  "path": "/api/v1/notifications/",
  "query_params": {
    "user_id": "d165694c-9962-4a43-8f22-e84a8c8cc809",
    "offset": "0",
    "limit": "20"
  },
  "client_ip": "127.0.0.1",
  "user_agent": "Mozilla/5.0 (Windows NT 10.0; Win64; x64) AppleWebKit/537.36 (KHTML, like Gecko) Chrome/147.0.0.0 Safari/537.36"
}
2026-04-17 16:12:14.268 | DEBUG    | app.core.debug_middleware:_log_request:147 - [DEBUG] {
  "type": "REQUEST",
  "method": "GET",
  "path": "/api/v1/notifications/unread-count",
  "query_params": {
    "user_id": "d165694c-9962-4a43-8f22-e84a8c8cc809"
  },
  "client_ip": "127.0.0.1",
  "user_agent": "Mozilla/5.0 (Windows NT 10.0; Win64; x64) AppleWebKit/537.36 (KHTML, like Gecko) Chrome/147.0.0.0 Safari/537.36"
}
2026-04-17 16:12:14.702 | DEBUG    | app.core.debug_middleware:_log_request:147 - [DEBUG] {
  "type": "REQUEST",
  "method": "GET",
  "path": "/api/v1/route-patrols/",
  "query_params": {
    "technician_id": "e9353bc3-1a27-4117-9ac2-494323fe1d7d",
    "limit": "50"
  },
  "client_ip": "127.0.0.1",
  "user_agent": "Mozilla/5.0 (Windows NT 10.0; Win64; x64) AppleWebKit/537.36 (KHTML, like Gecko) Chrome/147.0.0.0 Safari/537.36"
}
2026-04-17 16:12:14.781 | DEBUG    | app.core.debug_middleware:_log_response:170 - [DEBUG] {"type": "RESPONSE", "method": "GET", "path": "/api/v1/notifications/", "status_code": 200, "process_time_ms": "589.94"}
2026-04-17 16:12:14.848 | DEBUG    | app.core.debug_middleware:_log_response:170 - [DEBUG] {"type": "RESPONSE", "method": "GET", "path": "/api/v1/notifications/unread-count", "status_code": 200, "process_time_ms": "581.34"}
2026-04-17 16:12:15.122 | DEBUG    | app.core.debug_middleware:_log_response:170 - [DEBUG] {"type": "RESPONSE", "method": "GET", "path": "/api/v1/tasks/", "status_code": 200, "process_time_ms": "1257.05"}
2026-04-17 16:12:15.934 | DEBUG    | app.core.debug_middleware:_log_response:170 - [DEBUG] {"type": "RESPONSE", "method": "GET", "path": "/api/v1/route-patrols/", "status_code": 200, "process_time_ms": "1232.17"}
2026-04-17 16:12:15.956 | DEBUG    | app.core.debug_middleware:_log_response:170 - [DEBUG] {"type": "RESPONSE", "method": "GET", "path": "/api/v1/technicians/", "status_code": 200, "process_time_ms": "3012.23"}
2026-04-17 16:12:16.275 | DEBUG    | app.core.debug_middleware:_log_response:170 - [DEBUG] {"type": "RESPONSE", "method": "GET", "path": "/api/v1/incidents/", "status_code": 200, "process_time_ms": "2409.27"}
2026-04-17 16:12:35.178 | DEBUG    | app.core.debug_middleware:_log_request:147 - [DEBUG] {
  "type": "REQUEST",
  "method": "GET",
  "path": "/api/v1/notifications/unread-count",
  "query_params": {
    "user_id": "d165694c-9962-4a43-8f22-e84a8c8cc809"
  },
  "client_ip": "127.0.0.1",
  "user_agent": "Mozilla/5.0 (Windows NT 10.0; Win64; x64) AppleWebKit/537.36 (KHTML, like Gecko) Chrome/147.0.0.0 Safari/537.36"
}
2026-04-17 16:12:35.742 | DEBUG    | app.core.debug_middleware:_log_response:170 - [DEBUG] {"type": "RESPONSE", "method": "GET", "path": "/api/v1/notifications/unread-count", "status_code": 200, "process_time_ms": "563.83"}
2026-04-17 16:12:35.876 | DEBUG    | app.core.debug_middleware:_log_request:147 - [DEBUG] {
  "type": "REQUEST",
  "method": "GET",
  "path": "/api/v1/notifications/",
  "query_params": {
    "user_id": "d165694c-9962-4a43-8f22-e84a8c8cc809",
    "offset": "0",
    "limit": "20"
  },
  "client_ip": "127.0.0.1",
  "user_agent": "Mozilla/5.0 (Windows NT 10.0; Win64; x64) AppleWebKit/537.36 (KHTML, like Gecko) Chrome/147.0.0.0 Safari/537.36"
}
2026-04-17 16:12:36.465 | DEBUG    | app.core.debug_middleware:_log_response:170 - [DEBUG] {"type": "RESPONSE", "method": "GET", "path": "/api/v1/notifications/", "status_code": 200, "process_time_ms": "590.13"}
2026-04-17 16:12:55.761 | DEBUG    | app.core.debug_middleware:_log_request:147 - [DEBUG] {
  "type": "REQUEST",
  "method": "GET",
  "path": "/api/v1/notifications/unread-count",
  "query_params": {
    "user_id": "d165694c-9962-4a43-8f22-e84a8c8cc809"
  },
  "client_ip": "127.0.0.1",
  "user_agent": "Mozilla/5.0 (Windows NT 10.0; Win64; x64) AppleWebKit/537.36 (KHTML, like Gecko) Chrome/147.0.0.0 Safari/537.36"
}
2026-04-17 16:12:56.371 | DEBUG    | app.core.debug_middleware:_log_response:170 - [DEBUG] {"type": "RESPONSE", "method": "GET", "path": "/api/v1/notifications/unread-count", "status_code": 200, "process_time_ms": "610.26"}
2026-04-17 16:12:56.489 | DEBUG    | app.core.debug_middleware:_log_request:147 - [DEBUG] {
  "type": "REQUEST",
  "method": "GET",
  "path": "/api/v1/notifications/",
  "query_params": {
    "user_id": "d165694c-9962-4a43-8f22-e84a8c8cc809",
    "offset": "0",
    "limit": "20"
  },
  "client_ip": "127.0.0.1",
  "user_agent": "Mozilla/5.0 (Windows NT 10.0; Win64; x64) AppleWebKit/537.36 (KHTML, like Gecko) Chrome/147.0.0.0 Safari/537.36"
}
2026-04-17 16:12:57.065 | DEBUG    | app.core.debug_middleware:_log_response:170 - [DEBUG] {"type": "RESPONSE", "method": "GET", "path": "/api/v1/notifications/", "status_code": 200, "process_time_ms": "576.55"}
2026-04-17 16:13:18.428 | DEBUG    | app.core.debug_middleware:_log_request:147 - [DEBUG] {
  "type": "REQUEST",
  "method": "GET",
  "path": "/api/v1/notifications/",
  "query_params": {
    "user_id": "d165694c-9962-4a43-8f22-e84a8c8cc809",
    "offset": "0",
    "limit": "20"
  },
  "client_ip": "127.0.0.1",
  "user_agent": "Mozilla/5.0 (Windows NT 10.0; Win64; x64) AppleWebKit/537.36 (KHTML, like Gecko) Chrome/147.0.0.0 Safari/537.36"
}
2026-04-17 16:13:18.894 | DEBUG    | app.core.debug_middleware:_log_request:147 - [DEBUG] {
  "type": "REQUEST",
  "method": "GET",
  "path": "/api/v1/notifications/unread-count",
  "query_params": {
    "user_id": "d165694c-9962-4a43-8f22-e84a8c8cc809"
  },
  "client_ip": "127.0.0.1",
  "user_agent": "Mozilla/5.0 (Windows NT 10.0; Win64; x64) AppleWebKit/537.36 (KHTML, like Gecko) Chrome/147.0.0.0 Safari/537.36"
}
2026-04-17 16:13:19.034 | DEBUG    | app.core.debug_middleware:_log_response:170 - [DEBUG] {"type": "RESPONSE", "method": "GET", "path": "/api/v1/notifications/", "status_code": 200, "process_time_ms": "605.67"}
2026-04-17 16:13:19.490 | DEBUG    | app.core.debug_middleware:_log_response:170 - [DEBUG] {"type": "RESPONSE", "method": "GET", "path": "/api/v1/notifications/unread-count", "status_code": 200, "process_time_ms": "596.30"}
2026-04-17 16:13:39.358 | DEBUG    | app.core.debug_middleware:_log_request:147 - [DEBUG] {
  "type": "REQUEST",
  "method": "GET",
  "path": "/api/v1/notifications/",
  "query_params": {
    "user_id": "d165694c-9962-4a43-8f22-e84a8c8cc809",
    "offset": "0",
    "limit": "20"
  },
  "client_ip": "127.0.0.1",
  "user_agent": "Mozilla/5.0 (Windows NT 10.0; Win64; x64) AppleWebKit/537.36 (KHTML, like Gecko) Chrome/147.0.0.0 Safari/537.36"
}
2026-04-17 16:13:39.623 | DEBUG    | app.core.debug_middleware:_log_request:147 - [DEBUG] {
  "type": "REQUEST",
  "method": "GET",
  "path": "/api/v1/notifications/unread-count",
  "query_params": {
    "user_id": "d165694c-9962-4a43-8f22-e84a8c8cc809"
  },
  "client_ip": "127.0.0.1",
  "user_agent": "Mozilla/5.0 (Windows NT 10.0; Win64; x64) AppleWebKit/537.36 (KHTML, like Gecko) Chrome/147.0.0.0 Safari/537.36"
}
2026-04-17 16:13:39.922 | DEBUG    | app.core.debug_middleware:_log_response:170 - [DEBUG] {"type": "RESPONSE", "method": "GET", "path": "/api/v1/notifications/", "status_code": 200, "process_time_ms": "564.18"}
2026-04-17 16:13:40.223 | DEBUG    | app.core.debug_middleware:_log_response:170 - [DEBUG] {"type": "RESPONSE", "method": "GET", "path": "/api/v1/notifications/unread-count", "status_code": 200, "process_time_ms": "600.44"}
2026-04-17 16:14:00.563 | DEBUG    | app.core.debug_middleware:_log_request:147 - [DEBUG] {
  "type": "REQUEST",
  "method": "GET",
  "path": "/api/v1/notifications/unread-count",
  "query_params": {
    "user_id": "d165694c-9962-4a43-8f22-e84a8c8cc809"
  },
  "client_ip": "127.0.0.1",
  "user_agent": "Mozilla/5.0 (Windows NT 10.0; Win64; x64) AppleWebKit/537.36 (KHTML, like Gecko) Chrome/147.0.0.0 Safari/537.36"
}
2026-04-17 16:14:00.725 | DEBUG    | app.core.debug_middleware:_log_request:147 - [DEBUG] {
  "type": "REQUEST",
  "method": "GET",
  "path": "/api/v1/notifications/",
  "query_params": {
    "user_id": "d165694c-9962-4a43-8f22-e84a8c8cc809",
    "offset": "0",
    "limit": "20"
  },
  "client_ip": "127.0.0.1",
  "user_agent": "Mozilla/5.0 (Windows NT 10.0; Win64; x64) AppleWebKit/537.36 (KHTML, like Gecko) Chrome/147.0.0.0 Safari/537.36"
}
2026-04-17 16:14:01.135 | DEBUG    | app.core.debug_middleware:_log_response:170 - [DEBUG] {"type": "RESPONSE", "method": "GET", "path": "/api/v1/notifications/unread-count", "status_code": 200, "process_time_ms": "571.58"}
2026-04-17 16:14:01.304 | DEBUG    | app.core.debug_middleware:_log_response:170 - [DEBUG] {"type": "RESPONSE", "method": "GET", "path": "/api/v1/notifications/", "status_code": 200, "process_time_ms": "578.70"}
2026-04-17 16:14:22.912 | DEBUG    | app.core.debug_middleware:_log_request:147 - [DEBUG] {
  "type": "REQUEST",
  "method": "GET",
  "path": "/api/v1/notifications/unread-count",
  "query_params": {
    "user_id": "d165694c-9962-4a43-8f22-e84a8c8cc809"
  },
  "client_ip": "127.0.0.1",
  "user_agent": "Mozilla/5.0 (Windows NT 10.0; Win64; x64) AppleWebKit/537.36 (KHTML, like Gecko) Chrome/147.0.0.0 Safari/537.36"
}
2026-04-17 16:14:23.007 | DEBUG    | app.core.debug_middleware:_log_request:147 - [DEBUG] {
  "type": "REQUEST",
  "method": "GET",
  "path": "/api/v1/notifications/",
  "query_params": {
    "user_id": "d165694c-9962-4a43-8f22-e84a8c8cc809",
    "offset": "0",
    "limit": "20"
  },
  "client_ip": "127.0.0.1",
  "user_agent": "Mozilla/5.0 (Windows NT 10.0; Win64; x64) AppleWebKit/537.36 (KHTML, like Gecko) Chrome/147.0.0.0 Safari/537.36"
}
2026-04-17 16:14:23.506 | DEBUG    | app.core.debug_middleware:_log_response:170 - [DEBUG] {"type": "RESPONSE", "method": "GET", "path": "/api/v1/notifications/unread-count", "status_code": 200, "process_time_ms": "594.27"}
2026-04-17 16:14:23.631 | DEBUG    | app.core.debug_middleware:_log_response:170 - [DEBUG] {"type": "RESPONSE", "method": "GET", "path": "/api/v1/notifications/", "status_code": 200, "process_time_ms": "623.60"}
2026-04-17 16:14:43.969 | DEBUG    | app.core.debug_middleware:_log_request:147 - [DEBUG] {
  "type": "REQUEST",
  "method": "GET",
  "path": "/api/v1/notifications/",
  "query_params": {
    "user_id": "d165694c-9962-4a43-8f22-e84a8c8cc809",
    "offset": "0",
    "limit": "20"
  },
  "client_ip": "127.0.0.1",
  "user_agent": "Mozilla/5.0 (Windows NT 10.0; Win64; x64) AppleWebKit/537.36 (KHTML, like Gecko) Chrome/147.0.0.0 Safari/537.36"
}
2026-04-17 16:14:44.298 | DEBUG    | app.core.debug_middleware:_log_request:147 - [DEBUG] {
  "type": "REQUEST",
  "method": "GET",
  "path": "/api/v1/notifications/unread-count",
  "query_params": {
    "user_id": "d165694c-9962-4a43-8f22-e84a8c8cc809"
  },
  "client_ip": "127.0.0.1",
  "user_agent": "Mozilla/5.0 (Windows NT 10.0; Win64; x64) AppleWebKit/537.36 (KHTML, like Gecko) Chrome/147.0.0.0 Safari/537.36"
}
2026-04-17 16:14:44.568 | DEBUG    | app.core.debug_middleware:_log_response:170 - [DEBUG] {"type": "RESPONSE", "method": "GET", "path": "/api/v1/notifications/", "status_code": 200, "process_time_ms": "598.89"}
2026-04-17 16:14:44.863 | DEBUG    | app.core.debug_middleware:_log_response:170 - [DEBUG] {"type": "RESPONSE", "method": "GET", "path": "/api/v1/notifications/unread-count", "status_code": 200, "process_time_ms": "565.63"}
2026-04-17 16:15:04.905 | DEBUG    | app.core.debug_middleware:_log_request:147 - [DEBUG] {
  "type": "REQUEST",
  "method": "GET",
  "path": "/api/v1/notifications/",
  "query_params": {
    "user_id": "d165694c-9962-4a43-8f22-e84a8c8cc809",
    "offset": "0",
    "limit": "20"
  },
  "client_ip": "127.0.0.1",
  "user_agent": "Mozilla/5.0 (Windows NT 10.0; Win64; x64) AppleWebKit/537.36 (KHTML, like Gecko) Chrome/147.0.0.0 Safari/537.36"
}
2026-04-17 16:15:05.170 | DEBUG    | app.core.debug_middleware:_log_request:147 - [DEBUG] {
  "type": "REQUEST",
  "method": "GET",
  "path": "/api/v1/notifications/unread-count",
  "query_params": {
    "user_id": "d165694c-9962-4a43-8f22-e84a8c8cc809"
  },
  "client_ip": "127.0.0.1",
  "user_agent": "Mozilla/5.0 (Windows NT 10.0; Win64; x64) AppleWebKit/537.36 (KHTML, like Gecko) Chrome/147.0.0.0 Safari/537.36"
}
2026-04-17 16:15:05.529 | DEBUG    | app.core.debug_middleware:_log_response:170 - [DEBUG] {"type": "RESPONSE", "method": "GET", "path": "/api/v1/notifications/", "status_code": 200, "process_time_ms": "622.66"}
2026-04-17 16:15:05.746 | DEBUG    | app.core.debug_middleware:_log_response:170 - [DEBUG] {"type": "RESPONSE", "method": "GET", "path": "/api/v1/notifications/unread-count", "status_code": 200, "process_time_ms": "576.16"}
2026-04-17 16:15:27.381 | DEBUG    | app.core.debug_middleware:_log_request:147 - [DEBUG] {
  "type": "REQUEST",
  "method": "GET",
  "path": "/api/v1/notifications/unread-count",
  "query_params": {
    "user_id": "d165694c-9962-4a43-8f22-e84a8c8cc809"
  },
  "client_ip": "127.0.0.1",
  "user_agent": "Mozilla/5.0 (Windows NT 10.0; Win64; x64) AppleWebKit/537.36 (KHTML, like Gecko) Chrome/147.0.0.0 Safari/537.36"
}
2026-04-17 16:15:27.643 | DEBUG    | app.core.debug_middleware:_log_request:147 - [DEBUG] {
  "type": "REQUEST",
  "method": "GET",
  "path": "/api/v1/notifications/",
  "query_params": {
    "user_id": "d165694c-9962-4a43-8f22-e84a8c8cc809",
    "offset": "0",
    "limit": "20"
  },
  "client_ip": "127.0.0.1",
  "user_agent": "Mozilla/5.0 (Windows NT 10.0; Win64; x64) AppleWebKit/537.36 (KHTML, like Gecko) Chrome/147.0.0.0 Safari/537.36"
}
2026-04-17 16:15:27.948 | DEBUG    | app.core.debug_middleware:_log_response:170 - [DEBUG] {"type": "RESPONSE", "method": "GET", "path": "/api/v1/notifications/unread-count", "status_code": 200, "process_time_ms": "567.89"}
2026-04-17 16:15:28.219 | DEBUG    | app.core.debug_middleware:_log_response:170 - [DEBUG] {"type": "RESPONSE", "method": "GET", "path": "/api/v1/notifications/", "status_code": 200, "process_time_ms": "576.07"}
2026-04-17 16:15:48.280 | DEBUG    | app.core.debug_middleware:_log_request:147 - [DEBUG] {
  "type": "REQUEST",
  "method": "GET",
  "path": "/api/v1/notifications/unread-count",
  "query_params": {
    "user_id": "d165694c-9962-4a43-8f22-e84a8c8cc809"
  },
  "client_ip": "127.0.0.1",
  "user_agent": "Mozilla/5.0 (Windows NT 10.0; Win64; x64) AppleWebKit/537.36 (KHTML, like Gecko) Chrome/147.0.0.0 Safari/537.36"
}
2026-04-17 16:15:48.543 | DEBUG    | app.core.debug_middleware:_log_request:147 - [DEBUG] {
  "type": "REQUEST",
  "method": "GET",
  "path": "/api/v1/notifications/",
  "query_params": {
    "user_id": "d165694c-9962-4a43-8f22-e84a8c8cc809",
    "offset": "0",
    "limit": "20"
  },
  "client_ip": "127.0.0.1",
  "user_agent": "Mozilla/5.0 (Windows NT 10.0; Win64; x64) AppleWebKit/537.36 (KHTML, like Gecko) Chrome/147.0.0.0 Safari/537.36"
}
2026-04-17 16:15:48.860 | DEBUG    | app.core.debug_middleware:_log_response:170 - [DEBUG] {"type": "RESPONSE", "method": "GET", "path": "/api/v1/notifications/unread-count", "status_code": 200, "process_time_ms": "580.70"}
2026-04-17 16:15:49.105 | DEBUG    | app.core.debug_middleware:_log_response:170 - [DEBUG] {"type": "RESPONSE", "method": "GET", "path": "/api/v1/notifications/", "status_code": 200, "process_time_ms": "561.92"}
2026-04-17 16:16:09.434 | DEBUG    | app.core.debug_middleware:_log_request:147 - [DEBUG] {
  "type": "REQUEST",
  "method": "GET",
  "path": "/api/v1/notifications/",
  "query_params": {
    "user_id": "d165694c-9962-4a43-8f22-e84a8c8cc809",
    "offset": "0",
    "limit": "20"
  },
  "client_ip": "127.0.0.1",
  "user_agent": "Mozilla/5.0 (Windows NT 10.0; Win64; x64) AppleWebKit/537.36 (KHTML, like Gecko) Chrome/147.0.0.0 Safari/537.36"
}
2026-04-17 16:16:09.650 | DEBUG    | app.core.debug_middleware:_log_request:147 - [DEBUG] {
  "type": "REQUEST",
  "method": "GET",
  "path": "/api/v1/notifications/unread-count",
  "query_params": {
    "user_id": "d165694c-9962-4a43-8f22-e84a8c8cc809"
  },
  "client_ip": "127.0.0.1",
  "user_agent": "Mozilla/5.0 (Windows NT 10.0; Win64; x64) AppleWebKit/537.36 (KHTML, like Gecko) Chrome/147.0.0.0 Safari/537.36"
}
2026-04-17 16:16:10.020 | DEBUG    | app.core.debug_middleware:_log_response:170 - [DEBUG] {"type": "RESPONSE", "method": "GET", "path": "/api/v1/notifications/", "status_code": 200, "process_time_ms": "586.59"}
2026-04-17 16:16:10.215 | DEBUG    | app.core.debug_middleware:_log_response:170 - [DEBUG] {"type": "RESPONSE", "method": "GET", "path": "/api/v1/notifications/unread-count", "status_code": 200, "process_time_ms": "564.65"}
2026-04-17 16:16:31.662 | DEBUG    | app.core.debug_middleware:_log_request:147 - [DEBUG] {
  "type": "REQUEST",
  "method": "GET",
  "path": "/api/v1/notifications/",
  "query_params": {
    "user_id": "d165694c-9962-4a43-8f22-e84a8c8cc809",
    "offset": "0",
    "limit": "20"
  },
  "client_ip": "127.0.0.1",
  "user_agent": "Mozilla/5.0 (Windows NT 10.0; Win64; x64) AppleWebKit/537.36 (KHTML, like Gecko) Chrome/147.0.0.0 Safari/537.36"
}
2026-04-17 16:16:31.858 | DEBUG    | app.core.debug_middleware:_log_request:147 - [DEBUG] {
  "type": "REQUEST",
  "method": "GET",
  "path": "/api/v1/notifications/unread-count",
  "query_params": {
    "user_id": "d165694c-9962-4a43-8f22-e84a8c8cc809"
  },
  "client_ip": "127.0.0.1",
  "user_agent": "Mozilla/5.0 (Windows NT 10.0; Win64; x64) AppleWebKit/537.36 (KHTML, like Gecko) Chrome/147.0.0.0 Safari/537.36"
}
2026-04-17 16:16:32.231 | DEBUG    | app.core.debug_middleware:_log_response:170 - [DEBUG] {"type": "RESPONSE", "method": "GET", "path": "/api/v1/notifications/", "status_code": 200, "process_time_ms": "568.90"}
2026-04-17 16:16:32.435 | DEBUG    | app.core.debug_middleware:_log_response:170 - [DEBUG] {"type": "RESPONSE", "method": "GET", "path": "/api/v1/notifications/unread-count", "status_code": 200, "process_time_ms": "577.14"}
2026-04-17 16:16:52.773 | DEBUG    | app.core.debug_middleware:_log_request:147 - [DEBUG] {
  "type": "REQUEST",
  "method": "GET",
  "path": "/api/v1/notifications/unread-count",
  "query_params": {
    "user_id": "d165694c-9962-4a43-8f22-e84a8c8cc809"
  },
  "client_ip": "127.0.0.1",
  "user_agent": "Mozilla/5.0 (Windows NT 10.0; Win64; x64) AppleWebKit/537.36 (KHTML, like Gecko) Chrome/147.0.0.0 Safari/537.36"
}
2026-04-17 16:16:53.029 | DEBUG    | app.core.debug_middleware:_log_request:147 - [DEBUG] {
  "type": "REQUEST",
  "method": "GET",
  "path": "/api/v1/notifications/",
  "query_params": {
    "user_id": "d165694c-9962-4a43-8f22-e84a8c8cc809",
    "offset": "0",
    "limit": "20"
  },
  "client_ip": "127.0.0.1",
  "user_agent": "Mozilla/5.0 (Windows NT 10.0; Win64; x64) AppleWebKit/537.36 (KHTML, like Gecko) Chrome/147.0.0.0 Safari/537.36"
}
2026-04-17 16:16:53.346 | DEBUG    | app.core.debug_middleware:_log_response:170 - [DEBUG] {"type": "RESPONSE", "method": "GET", "path": "/api/v1/notifications/unread-count", "status_code": 200, "process_time_ms": "573.30"}
2026-04-17 16:16:53.602 | DEBUG    | app.core.debug_middleware:_log_response:170 - [DEBUG] {"type": "RESPONSE", "method": "GET", "path": "/api/v1/notifications/", "status_code": 200, "process_time_ms": "573.35"}
2026-04-17 16:17:13.664 | DEBUG    | app.core.debug_middleware:_log_request:147 - [DEBUG] {
  "type": "REQUEST",
  "method": "GET",
  "path": "/api/v1/notifications/unread-count",
  "query_params": {
    "user_id": "d165694c-9962-4a43-8f22-e84a8c8cc809"
  },
  "client_ip": "127.0.0.1",
  "user_agent": "Mozilla/5.0 (Windows NT 10.0; Win64; x64) AppleWebKit/537.36 (KHTML, like Gecko) Chrome/147.0.0.0 Safari/537.36"
}
2026-04-17 16:17:13.926 | DEBUG    | app.core.debug_middleware:_log_request:147 - [DEBUG] {
  "type": "REQUEST",
  "method": "GET",
  "path": "/api/v1/notifications/",
  "query_params": {
    "user_id": "d165694c-9962-4a43-8f22-e84a8c8cc809",
    "offset": "0",
    "limit": "20"
  },
  "client_ip": "127.0.0.1",
  "user_agent": "Mozilla/5.0 (Windows NT 10.0; Win64; x64) AppleWebKit/537.36 (KHTML, like Gecko) Chrome/147.0.0.0 Safari/537.36"
}
2026-04-17 16:17:14.227 | DEBUG    | app.core.debug_middleware:_log_response:170 - [DEBUG] {"type": "RESPONSE", "method": "GET", "path": "/api/v1/notifications/unread-count", "status_code": 200, "process_time_ms": "562.83"}
2026-04-17 16:17:14.499 | DEBUG    | app.core.debug_middleware:_log_response:170 - [DEBUG] {"type": "RESPONSE", "method": "GET", "path": "/api/v1/notifications/", "status_code": 200, "process_time_ms": "572.98"}
2026-04-17 16:17:36.237 | DEBUG    | app.core.debug_middleware:_log_request:147 - [DEBUG] {
  "type": "REQUEST",
  "method": "GET",
  "path": "/api/v1/notifications/",
  "query_params": {
    "user_id": "d165694c-9962-4a43-8f22-e84a8c8cc809",
    "offset": "0",
    "limit": "20"
  },
  "client_ip": "127.0.0.1",
  "user_agent": "Mozilla/5.0 (Windows NT 10.0; Win64; x64) AppleWebKit/537.36 (KHTML, like Gecko) Chrome/147.0.0.0 Safari/537.36"
}
2026-04-17 16:17:36.435 | DEBUG    | app.core.debug_middleware:_log_request:147 - [DEBUG] {
  "type": "REQUEST",
  "method": "GET",
  "path": "/api/v1/notifications/unread-count",
  "query_params": {
    "user_id": "d165694c-9962-4a43-8f22-e84a8c8cc809"
  },
  "client_ip": "127.0.0.1",
  "user_agent": "Mozilla/5.0 (Windows NT 10.0; Win64; x64) AppleWebKit/537.36 (KHTML, like Gecko) Chrome/147.0.0.0 Safari/537.36"
}
2026-04-17 16:17:36.858 | DEBUG    | app.core.debug_middleware:_log_response:170 - [DEBUG] {"type": "RESPONSE", "method": "GET", "path": "/api/v1/notifications/", "status_code": 200, "process_time_ms": "621.72"}
2026-04-17 16:17:37.039 | DEBUG    | app.core.debug_middleware:_log_response:170 - [DEBUG] {"type": "RESPONSE", "method": "GET", "path": "/api/v1/notifications/unread-count", "status_code": 200, "process_time_ms": "605.19"}
2026-04-17 16:17:57.188 | DEBUG    | app.core.debug_middleware:_log_request:147 - [DEBUG] {
  "type": "REQUEST",
  "method": "GET",
  "path": "/api/v1/notifications/",
  "query_params": {
    "user_id": "d165694c-9962-4a43-8f22-e84a8c8cc809",
    "offset": "0",
    "limit": "20"
  },
  "client_ip": "127.0.0.1",
  "user_agent": "Mozilla/5.0 (Windows NT 10.0; Win64; x64) AppleWebKit/537.36 (KHTML, like Gecko) Chrome/147.0.0.0 Safari/537.36"
}
2026-04-17 16:17:57.376 | DEBUG    | app.core.debug_middleware:_log_request:147 - [DEBUG] {
  "type": "REQUEST",
  "method": "GET",
  "path": "/api/v1/notifications/unread-count",
  "query_params": {
    "user_id": "d165694c-9962-4a43-8f22-e84a8c8cc809"
  },
  "client_ip": "127.0.0.1",
  "user_agent": "Mozilla/5.0 (Windows NT 10.0; Win64; x64) AppleWebKit/537.36 (KHTML, like Gecko) Chrome/147.0.0.0 Safari/537.36"
}
2026-04-17 16:17:57.889 | DEBUG    | app.core.debug_middleware:_log_response:170 - [DEBUG] {"type": "RESPONSE", "method": "GET", "path": "/api/v1/notifications/", "status_code": 200, "process_time_ms": "701.31"}
2026-04-17 16:17:58.111 | DEBUG    | app.core.debug_middleware:_log_response:170 - [DEBUG] {"type": "RESPONSE", "method": "GET", "path": "/api/v1/notifications/unread-count", "status_code": 200, "process_time_ms": "735.21"}
2026-04-17 16:18:18.439 | DEBUG    | app.core.debug_middleware:_log_request:147 - [DEBUG] {
  "type": "REQUEST",
  "method": "GET",
  "path": "/api/v1/notifications/unread-count",
  "query_params": {
    "user_id": "d165694c-9962-4a43-8f22-e84a8c8cc809"
  },
  "client_ip": "127.0.0.1",
  "user_agent": "Mozilla/5.0 (Windows NT 10.0; Win64; x64) AppleWebKit/537.36 (KHTML, like Gecko) Chrome/147.0.0.0 Safari/537.36"
}
2026-04-17 16:18:18.682 | DEBUG    | app.core.debug_middleware:_log_request:147 - [DEBUG] {
  "type": "REQUEST",
  "method": "GET",
  "path": "/api/v1/notifications/",
  "query_params": {
    "user_id": "d165694c-9962-4a43-8f22-e84a8c8cc809",
    "offset": "0",
    "limit": "20"
  },
  "client_ip": "127.0.0.1",
  "user_agent": "Mozilla/5.0 (Windows NT 10.0; Win64; x64) AppleWebKit/537.36 (KHTML, like Gecko) Chrome/147.0.0.0 Safari/537.36"
}
2026-04-17 16:18:19.007 | DEBUG    | app.core.debug_middleware:_log_response:170 - [DEBUG] {"type": "RESPONSE", "method": "GET", "path": "/api/v1/notifications/unread-count", "status_code": 200, "process_time_ms": "569.06"}
2026-04-17 16:18:19.261 | DEBUG    | app.core.debug_middleware:_log_response:170 - [DEBUG] {"type": "RESPONSE", "method": "GET", "path": "/api/v1/notifications/", "status_code": 200, "process_time_ms": "579.39"}
2026-04-17 16:18:40.648 | DEBUG    | app.core.debug_middleware:_log_request:147 - [DEBUG] {
  "type": "REQUEST",
  "method": "GET",
  "path": "/api/v1/notifications/unread-count",
  "query_params": {
    "user_id": "d165694c-9962-4a43-8f22-e84a8c8cc809"
  },
  "client_ip": "127.0.0.1",
  "user_agent": "Mozilla/5.0 (Windows NT 10.0; Win64; x64) AppleWebKit/537.36 (KHTML, like Gecko) Chrome/147.0.0.0 Safari/537.36"
}
2026-04-17 16:18:40.905 | DEBUG    | app.core.debug_middleware:_log_request:147 - [DEBUG] {
  "type": "REQUEST",
  "method": "GET",
  "path": "/api/v1/notifications/",
  "query_params": {
    "user_id": "d165694c-9962-4a43-8f22-e84a8c8cc809",
    "offset": "0",
    "limit": "20"
  },
  "client_ip": "127.0.0.1",
  "user_agent": "Mozilla/5.0 (Windows NT 10.0; Win64; x64) AppleWebKit/537.36 (KHTML, like Gecko) Chrome/147.0.0.0 Safari/537.36"
}
2026-04-17 16:18:41.216 | DEBUG    | app.core.debug_middleware:_log_response:170 - [DEBUG] {"type": "RESPONSE", "method": "GET", "path": "/api/v1/notifications/unread-count", "status_code": 200, "process_time_ms": "568.89"}
2026-04-17 16:18:41.475 | DEBUG    | app.core.debug_middleware:_log_response:170 - [DEBUG] {"type": "RESPONSE", "method": "GET", "path": "/api/v1/notifications/", "status_code": 200, "process_time_ms": "571.05"}
2026-04-17 16:19:01.807 | DEBUG    | app.core.debug_middleware:_log_request:147 - [DEBUG] {
  "type": "REQUEST",
  "method": "GET",
  "path": "/api/v1/notifications/",
  "query_params": {
    "user_id": "d165694c-9962-4a43-8f22-e84a8c8cc809",
    "offset": "0",
    "limit": "20"
  },
  "client_ip": "127.0.0.1",
  "user_agent": "Mozilla/5.0 (Windows NT 10.0; Win64; x64) AppleWebKit/537.36 (KHTML, like Gecko) Chrome/147.0.0.0 Safari/537.36"
}
2026-04-17 16:19:01.998 | DEBUG    | app.core.debug_middleware:_log_request:147 - [DEBUG] {
  "type": "REQUEST",
  "method": "GET",
  "path": "/api/v1/notifications/unread-count",
  "query_params": {
    "user_id": "d165694c-9962-4a43-8f22-e84a8c8cc809"
  },
  "client_ip": "127.0.0.1",
  "user_agent": "Mozilla/5.0 (Windows NT 10.0; Win64; x64) AppleWebKit/537.36 (KHTML, like Gecko) Chrome/147.0.0.0 Safari/537.36"
}
2026-04-17 16:19:02.391 | DEBUG    | app.core.debug_middleware:_log_response:170 - [DEBUG] {"type": "RESPONSE", "method": "GET", "path": "/api/v1/notifications/", "status_code": 200, "process_time_ms": "584.31"}
2026-04-17 16:19:02.581 | DEBUG    | app.core.debug_middleware:_log_response:170 - [DEBUG] {"type": "RESPONSE", "method": "GET", "path": "/api/v1/notifications/unread-count", "status_code": 200, "process_time_ms": "583.78"}
2026-04-17 16:21:53.036 | DEBUG    | app.core.debug_middleware:_log_request:147 - [DEBUG] {
  "type": "REQUEST",
  "method": "GET",
  "path": "/api/v1/notifications/unread-count",
  "query_params": {
    "user_id": "d165694c-9962-4a43-8f22-e84a8c8cc809"
  },
  "client_ip": "127.0.0.1",
  "user_agent": "Mozilla/5.0 (Windows NT 10.0; Win64; x64) AppleWebKit/537.36 (KHTML, like Gecko) Chrome/147.0.0.0 Safari/537.36"
}
2026-04-17 16:21:53.614 | DEBUG    | app.core.debug_middleware:_log_response:170 - [DEBUG] {"type": "RESPONSE", "method": "GET", "path": "/api/v1/notifications/unread-count", "status_code": 200, "process_time_ms": "577.05"}
2026-04-17 16:21:53.788 | DEBUG    | app.core.debug_middleware:_log_request:147 - [DEBUG] {
  "type": "REQUEST",
  "method": "GET",
  "path": "/api/v1/notifications/",
  "query_params": {
    "user_id": "d165694c-9962-4a43-8f22-e84a8c8cc809",
    "offset": "0",
    "limit": "20"
  },
  "client_ip": "127.0.0.1",
  "user_agent": "Mozilla/5.0 (Windows NT 10.0; Win64; x64) AppleWebKit/537.36 (KHTML, like Gecko) Chrome/147.0.0.0 Safari/537.36"
}
2026-04-17 16:21:54.371 | DEBUG    | app.core.debug_middleware:_log_response:170 - [DEBUG] {"type": "RESPONSE", "method": "GET", "path": "/api/v1/notifications/", "status_code": 200, "process_time_ms": "582.72"}
2026-04-17 16:28:39.417 | DEBUG    | app.core.debug_middleware:_log_request:147 - [DEBUG] {
  "type": "REQUEST",
  "method": "GET",
  "path": "/api/v1/notifications/",
  "query_params": {
    "user_id": "d165694c-9962-4a43-8f22-e84a8c8cc809",
    "offset": "0",
    "limit": "20"
  },
  "client_ip": "127.0.0.1",
  "user_agent": "Mozilla/5.0 (Windows NT 10.0; Win64; x64) AppleWebKit/537.36 (KHTML, like Gecko) Chrome/147.0.0.0 Safari/537.36"
}
2026-04-17 16:28:39.989 | DEBUG    | app.core.debug_middleware:_log_response:170 - [DEBUG] {"type": "RESPONSE", "method": "GET", "path": "/api/v1/notifications/", "status_code": 200, "process_time_ms": "571.24"}
2026-04-17 16:28:40.149 | DEBUG    | app.core.debug_middleware:_log_request:147 - [DEBUG] {
  "type": "REQUEST",
  "method": "GET",
  "path": "/api/v1/notifications/unread-count",
  "query_params": {
    "user_id": "d165694c-9962-4a43-8f22-e84a8c8cc809"
  },
  "client_ip": "127.0.0.1",
  "user_agent": "Mozilla/5.0 (Windows NT 10.0; Win64; x64) AppleWebKit/537.36 (KHTML, like Gecko) Chrome/147.0.0.0 Safari/537.36"
}
2026-04-17 16:28:40.717 | DEBUG    | app.core.debug_middleware:_log_response:170 - [DEBUG] {"type": "RESPONSE", "method": "GET", "path": "/api/v1/notifications/unread-count", "status_code": 200, "process_time_ms": "568.79"}
2026-04-17 16:31:28.953 | DEBUG    | app.core.debug_middleware:_log_request:147 - [DEBUG] {
  "type": "REQUEST",
  "method": "GET",
  "path": "/api/v1/notifications/unread-count",
  "query_params": {
    "user_id": "d165694c-9962-4a43-8f22-e84a8c8cc809"
  },
  "client_ip": "127.0.0.1",
  "user_agent": "Mozilla/5.0 (Windows NT 10.0; Win64; x64) AppleWebKit/537.36 (KHTML, like Gecko) Chrome/147.0.0.0 Safari/537.36"
}
2026-04-17 16:31:29.530 | DEBUG    | app.core.debug_middleware:_log_response:170 - [DEBUG] {"type": "RESPONSE", "method": "GET", "path": "/api/v1/notifications/unread-count", "status_code": 200, "process_time_ms": "575.94"}
2026-04-17 16:31:29.690 | DEBUG    | app.core.debug_middleware:_log_request:147 - [DEBUG] {
  "type": "REQUEST",
  "method": "GET",
  "path": "/api/v1/notifications/",
  "query_params": {
    "user_id": "d165694c-9962-4a43-8f22-e84a8c8cc809",
    "offset": "0",
    "limit": "20"
  },
  "client_ip": "127.0.0.1",
  "user_agent": "Mozilla/5.0 (Windows NT 10.0; Win64; x64) AppleWebKit/537.36 (KHTML, like Gecko) Chrome/147.0.0.0 Safari/537.36"
}
2026-04-17 16:31:30.289 | DEBUG    | app.core.debug_middleware:_log_response:170 - [DEBUG] {"type": "RESPONSE", "method": "GET", "path": "/api/v1/notifications/", "status_code": 200, "process_time_ms": "599.12"}
2026-04-17 16:47:31.710 | DEBUG    | app.core.debug_middleware:_log_request:147 - [DEBUG] {
  "type": "REQUEST",
  "method": "GET",
  "path": "/api/v1/notifications/",
  "query_params": {
    "user_id": "d165694c-9962-4a43-8f22-e84a8c8cc809",
    "offset": "0",
    "limit": "20"
  },
  "client_ip": "127.0.0.1",
  "user_agent": "Mozilla/5.0 (Windows NT 10.0; Win64; x64) AppleWebKit/537.36 (KHTML, like Gecko) Chrome/147.0.0.0 Safari/537.36"
}
2026-04-17 16:47:31.719 | WARNING  | app.core.debug_middleware:_log_response:168 - [DEBUG] {"type": "RESPONSE", "method": "GET", "path": "/api/v1/notifications/", "status_code": 401, "process_time_ms": "9.57"}
2026-04-17 16:47:32.434 | DEBUG    | app.core.debug_middleware:_log_request:147 - [DEBUG] {
  "type": "REQUEST",
  "method": "GET",
  "path": "/api/v1/notifications/unread-count",
  "query_params": {
    "user_id": "d165694c-9962-4a43-8f22-e84a8c8cc809"
  },
  "client_ip": "127.0.0.1",
  "user_agent": "Mozilla/5.0 (Windows NT 10.0; Win64; x64) AppleWebKit/537.36 (KHTML, like Gecko) Chrome/147.0.0.0 Safari/537.36"
}
2026-04-17 16:47:32.440 | WARNING  | app.core.debug_middleware:_log_response:168 - [DEBUG] {"type": "RESPONSE", "method": "GET", "path": "/api/v1/notifications/unread-count", "status_code": 401, "process_time_ms": "6.38"}
2026-04-17 16:47:32.733 | DEBUG    | app.core.debug_middleware:_log_request:147 - [DEBUG] {
  "type": "REQUEST",
  "method": "GET",
  "path": "/api/v1/notifications/",
  "query_params": {
    "user_id": "d165694c-9962-4a43-8f22-e84a8c8cc809",
    "offset": "0",
    "limit": "20"
  },
  "client_ip": "127.0.0.1",
  "user_agent": "Mozilla/5.0 (Windows NT 10.0; Win64; x64) AppleWebKit/537.36 (KHTML, like Gecko) Chrome/147.0.0.0 Safari/537.36"
}
2026-04-17 16:47:32.739 | WARNING  | app.core.debug_middleware:_log_response:168 - [DEBUG] {"type": "RESPONSE", "method": "GET", "path": "/api/v1/notifications/", "status_code": 401, "process_time_ms": "6.85"}
2026-04-17 16:47:33.455 | DEBUG    | app.core.debug_middleware:_log_request:147 - [DEBUG] {
  "type": "REQUEST",
  "method": "GET",
  "path": "/api/v1/notifications/unread-count",
  "query_params": {
    "user_id": "d165694c-9962-4a43-8f22-e84a8c8cc809"
  },
  "client_ip": "127.0.0.1",
  "user_agent": "Mozilla/5.0 (Windows NT 10.0; Win64; x64) AppleWebKit/537.36 (KHTML, like Gecko) Chrome/147.0.0.0 Safari/537.36"
}
2026-04-17 16:47:33.458 | WARNING  | app.core.debug_middleware:_log_response:168 - [DEBUG] {"type": "RESPONSE", "method": "GET", "path": "/api/v1/notifications/unread-count", "status_code": 401, "process_time_ms": "3.37"}
2026-04-17 16:47:34.759 | DEBUG    | app.core.debug_middleware:_log_request:147 - [DEBUG] {
  "type": "REQUEST",
  "method": "GET",
  "path": "/api/v1/notifications/",
  "query_params": {
    "user_id": "d165694c-9962-4a43-8f22-e84a8c8cc809",
    "offset": "0",
    "limit": "20"
  },
  "client_ip": "127.0.0.1",
  "user_agent": "Mozilla/5.0 (Windows NT 10.0; Win64; x64) AppleWebKit/537.36 (KHTML, like Gecko) Chrome/147.0.0.0 Safari/537.36"
}
2026-04-17 16:47:34.772 | WARNING  | app.core.debug_middleware:_log_response:168 - [DEBUG] {"type": "RESPONSE", "method": "GET", "path": "/api/v1/notifications/", "status_code": 401, "process_time_ms": "13.29"}
